mode: set
github.com/reactiveops/polaris/pkg/config/config.go:112.52,114.16 2 0
github.com/reactiveops/polaris/pkg/config/config.go:117.2,117.24 1 0
github.com/reactiveops/polaris/pkg/config/config.go:114.16,116.3 1 0
github.com/reactiveops/polaris/pkg/config/config.go:121.52,125.6 4 1
github.com/reactiveops/polaris/pkg/config/config.go:125.6,126.41 1 1
github.com/reactiveops/polaris/pkg/config/config.go:126.41,127.21 1 1
github.com/reactiveops/polaris/pkg/config/config.go:130.4,130.62 1 1
github.com/reactiveops/polaris/pkg/config/config.go:127.21,129.5 1 1
github.com/reactiveops/polaris/pkg/config/severity.go:32.47,34.2 1 0
github.com/reactiveops/polaris/pkg/kube/resources.go:35.74,36.21 1 0
github.com/reactiveops/polaris/pkg/kube/resources.go:39.2,39.44 1 0
github.com/reactiveops/polaris/pkg/kube/resources.go:36.21,38.3 1 0
github.com/reactiveops/polaris/pkg/kube/resources.go:43.82,52.41 2 1
github.com/reactiveops/polaris/pkg/kube/resources.go:88.2,88.65 1 1
github.com/reactiveops/polaris/pkg/kube/resources.go:106.2,107.16 2 1
github.com/reactiveops/polaris/pkg/kube/resources.go:110.2,110.24 1 1
github.com/reactiveops/polaris/pkg/kube/resources.go:52.41,57.17 5 1
github.com/reactiveops/polaris/pkg/kube/resources.go:62.3,63.36 2 1
github.com/reactiveops/polaris/pkg/kube/resources.go:85.3,85.13 1 1
github.com/reactiveops/polaris/pkg/kube/resources.go:57.17,61.4 2 0
github.com/reactiveops/polaris/pkg/kube/resources.go:63.36,66.18 3 1
github.com/reactiveops/polaris/pkg/kube/resources.go:69.4,69.62 1 1
github.com/reactiveops/polaris/pkg/kube/resources.go:66.18,68.5 1 0
github.com/reactiveops/polaris/pkg/kube/resources.go:70.9,70.42 1 1
github.com/reactiveops/polaris/pkg/kube/resources.go:70.42,73.18 3 1
github.com/reactiveops/polaris/pkg/kube/resources.go:76.4,76.59 1 1
github.com/reactiveops/polaris/pkg/kube/resources.go:73.18,75.5 1 0
github.com/reactiveops/polaris/pkg/kube/resources.go:77.9,77.36 1 1
github.com/reactiveops/polaris/pkg/kube/resources.go:77.36,80.18 3 1
github.com/reactiveops/polaris/pkg/kube/resources.go:83.4,83.48 1 1
github.com/reactiveops/polaris/pkg/kube/resources.go:80.18,82.5 1 0
github.com/reactiveops/polaris/pkg/kube/resources.go:88.65,89.76 1 1
github.com/reactiveops/polaris/pkg/kube/resources.go:92.3,93.17 2 1
github.com/reactiveops/polaris/pkg/kube/resources.go:96.3,97.30 2 1
github.com/reactiveops/polaris/pkg/kube/resources.go:103.3,103.13 1 1
github.com/reactiveops/polaris/pkg/kube/resources.go:89.76,91.4 1 1
github.com/reactiveops/polaris/pkg/kube/resources.go:93.17,95.4 1 0
github.com/reactiveops/polaris/pkg/kube/resources.go:97.30,99.18 2 1
github.com/reactiveops/polaris/pkg/kube/resources.go:99.18,101.5 1 0
github.com/reactiveops/polaris/pkg/kube/resources.go:107.16,109.3 1 0
github.com/reactiveops/polaris/pkg/kube/resources.go:114.69,117.16 3 0
github.com/reactiveops/polaris/pkg/kube/resources.go:120.2,120.43 1 0
github.com/reactiveops/polaris/pkg/kube/resources.go:117.16,119.3 1 0
github.com/reactiveops/polaris/pkg/kube/resources.go:124.90,127.16 3 0
github.com/reactiveops/polaris/pkg/kube/resources.go:130.2,131.16 2 0
github.com/reactiveops/polaris/pkg/kube/resources.go:134.2,135.16 2 0
github.com/reactiveops/polaris/pkg/kube/resources.go:138.2,139.16 2 0
github.com/reactiveops/polaris/pkg/kube/resources.go:142.2,143.38 2 0
github.com/reactiveops/polaris/pkg/kube/resources.go:150.2,157.18 2 0
github.com/reactiveops/polaris/pkg/kube/resources.go:127.16,129.3 1 0
github.com/reactiveops/polaris/pkg/kube/resources.go:131.16,133.3 1 0
github.com/reactiveops/polaris/pkg/kube/resources.go:135.16,137.3 1 0
github.com/reactiveops/polaris/pkg/kube/resources.go:139.16,141.3 1 0
github.com/reactiveops/polaris/pkg/kube/resources.go:143.38,145.17 2 0
github.com/reactiveops/polaris/pkg/kube/resources.go:148.3,148.43 1 0
github.com/reactiveops/polaris/pkg/kube/resources.go:145.17,147.4 1 0
github.com/reactiveops/polaris/pkg/validator/pod.go:30.77,48.45 7 1
github.com/reactiveops/polaris/pkg/validator/pod.go:52.2,52.13 1 1
github.com/reactiveops/polaris/pkg/validator/pod.go:48.45,50.3 1 1
github.com/reactiveops/polaris/pkg/validator/pod.go:55.122,56.39 1 1
github.com/reactiveops/polaris/pkg/validator/pod.go:56.39,59.3 2 1
github.com/reactiveops/polaris/pkg/validator/pod.go:62.72,65.44 2 1
github.com/reactiveops/polaris/pkg/validator/pod.go:73.2,73.44 1 1
github.com/reactiveops/polaris/pkg/validator/pod.go:65.44,66.21 1 1
github.com/reactiveops/polaris/pkg/validator/pod.go:66.21,68.4 1 0
github.com/reactiveops/polaris/pkg/validator/pod.go:68.9,70.4 1 1
github.com/reactiveops/polaris/pkg/validator/pod.go:73.44,74.21 1 1
github.com/reactiveops/polaris/pkg/validator/pod.go:74.21,76.4 1 0
github.com/reactiveops/polaris/pkg/validator/pod.go:76.9,78.4 1 1
github.com/reactiveops/polaris/pkg/validator/pod.go:82.75,85.47 2 1
github.com/reactiveops/polaris/pkg/validator/pod.go:85.47,86.25 1 1
github.com/reactiveops/polaris/pkg/validator/pod.go:86.25,88.4 1 0
github.com/reactiveops/polaris/pkg/validator/pod.go:88.9,90.4 1 1
github.com/reactiveops/polaris/pkg/validator/resource.go:29.59,35.2 5 1
github.com/reactiveops/polaris/pkg/validator/resource.go:37.56,44.36 3 1
github.com/reactiveops/polaris/pkg/validator/resource.go:56.2,59.3 1 1
github.com/reactiveops/polaris/pkg/validator/resource.go:44.36,45.45 1 1
github.com/reactiveops/polaris/pkg/validator/resource.go:48.3,48.35 1 1
github.com/reactiveops/polaris/pkg/validator/resource.go:45.45,47.4 1 1
github.com/reactiveops/polaris/pkg/validator/resource.go:48.35,50.4 1 1
github.com/reactiveops/polaris/pkg/validator/resource.go:50.9,50.44 1 1
github.com/reactiveops/polaris/pkg/validator/resource.go:50.44,52.4 1 1
github.com/reactiveops/polaris/pkg/validator/resource.go:52.9,52.44 1 1
github.com/reactiveops/polaris/pkg/validator/resource.go:52.44,54.4 1 1
github.com/reactiveops/polaris/pkg/validator/resource.go:62.65,63.38 1 0
github.com/reactiveops/polaris/pkg/validator/resource.go:63.38,65.3 1 0
github.com/reactiveops/polaris/pkg/validator/resource.go:65.8,65.47 1 0
github.com/reactiveops/polaris/pkg/validator/resource.go:65.47,67.3 1 0
github.com/reactiveops/polaris/pkg/validator/resource.go:67.8,67.47 1 0
github.com/reactiveops/polaris/pkg/validator/resource.go:67.47,69.3 1 0
github.com/reactiveops/polaris/pkg/validator/resource.go:69.8,70.28 1 0
github.com/reactiveops/polaris/pkg/validator/resource.go:74.99,75.36 1 1
github.com/reactiveops/polaris/pkg/validator/resource.go:75.36,77.3 1 1
github.com/reactiveops/polaris/pkg/validator/resource.go:77.8,77.45 1 1
github.com/reactiveops/polaris/pkg/validator/resource.go:77.45,79.3 1 1
github.com/reactiveops/polaris/pkg/validator/resource.go:79.8,81.3 1 0
github.com/reactiveops/polaris/pkg/validator/resource.go:84.73,90.2 1 1
github.com/reactiveops/polaris/pkg/validator/resource.go:92.75,98.2 1 1
github.com/reactiveops/polaris/pkg/validator/resource.go:100.75,106.2 1 1
github.com/reactiveops/polaris/pkg/validator/types.go:48.61,52.2 3 1
github.com/reactiveops/polaris/pkg/validator/types.go:63.64,65.53 2 1
github.com/reactiveops/polaris/pkg/validator/types.go:65.53,66.27 1 1
github.com/reactiveops/polaris/pkg/validator/types.go:69.3,69.52 1 1
github.com/reactiveops/polaris/pkg/validator/types.go:72.3,72.49 1 1
github.com/reactiveops/polaris/pkg/validator/types.go:66.27,68.4 1 1
github.com/reactiveops/polaris/pkg/validator/types.go:69.52,71.4 1 1
github.com/reactiveops/polaris/pkg/validator/container.go:34.97,53.2 8 1
github.com/reactiveops/polaris/pkg/validator/container.go:55.75,59.87 3 1
github.com/reactiveops/polaris/pkg/validator/container.go:65.2,65.83 1 1
github.com/reactiveops/polaris/pkg/validator/container.go:71.2,71.93 1 1
github.com/reactiveops/polaris/pkg/validator/container.go:77.2,77.89 1 1
github.com/reactiveops/polaris/pkg/validator/container.go:59.87,61.3 1 1
github.com/reactiveops/polaris/pkg/validator/container.go:61.8,63.3 1 1
github.com/reactiveops/polaris/pkg/validator/container.go:65.83,67.3 1 1
github.com/reactiveops/polaris/pkg/validator/container.go:67.8,69.3 1 1
github.com/reactiveops/polaris/pkg/validator/container.go:71.93,73.3 1 1
github.com/reactiveops/polaris/pkg/validator/container.go:73.8,75.3 1 1
github.com/reactiveops/polaris/pkg/validator/container.go:77.89,79.3 1 1
github.com/reactiveops/polaris/pkg/validator/container.go:79.8,81.3 1 1
github.com/reactiveops/polaris/pkg/validator/container.go:84.131,91.69 6 1
github.com/reactiveops/polaris/pkg/validator/container.go:91.69,93.3 1 0
github.com/reactiveops/polaris/pkg/validator/container.go:93.8,93.74 1 1
github.com/reactiveops/polaris/pkg/validator/container.go:93.74,95.3 1 0
github.com/reactiveops/polaris/pkg/validator/container.go:95.8,95.76 1 1
github.com/reactiveops/polaris/pkg/validator/container.go:95.76,97.3 1 1
github.com/reactiveops/polaris/pkg/validator/container.go:97.8,97.74 1 1
github.com/reactiveops/polaris/pkg/validator/container.go:97.74,99.3 1 1
github.com/reactiveops/polaris/pkg/validator/container.go:99.8,101.3 1 1
github.com/reactiveops/polaris/pkg/validator/container.go:104.78,106.47 2 1
github.com/reactiveops/polaris/pkg/validator/container.go:114.2,114.46 1 1
github.com/reactiveops/polaris/pkg/validator/container.go:106.47,107.41 1 1
github.com/reactiveops/polaris/pkg/validator/container.go:107.41,109.4 1 1
github.com/reactiveops/polaris/pkg/validator/container.go:109.9,111.4 1 1
github.com/reactiveops/polaris/pkg/validator/container.go:114.46,115.40 1 1
github.com/reactiveops/polaris/pkg/validator/container.go:115.40,117.4 1 1
github.com/reactiveops/polaris/pkg/validator/container.go:117.9,119.4 1 1
github.com/reactiveops/polaris/pkg/validator/container.go:123.70,125.50 2 1
github.com/reactiveops/polaris/pkg/validator/container.go:133.2,133.46 1 1
github.com/reactiveops/polaris/pkg/validator/container.go:125.50,126.56 1 1
github.com/reactiveops/polaris/pkg/validator/container.go:126.56,128.4 1 1
github.com/reactiveops/polaris/pkg/validator/container.go:128.9,130.4 1 1
github.com/reactiveops/polaris/pkg/validator/container.go:133.46,135.42 2 1
github.com/reactiveops/polaris/pkg/validator/container.go:135.42,137.4 1 1
github.com/reactiveops/polaris/pkg/validator/container.go:137.9,139.4 1 1
github.com/reactiveops/polaris/pkg/validator/container.go:143.81,145.44 2 1
github.com/reactiveops/polaris/pkg/validator/container.go:145.44,147.43 2 1
github.com/reactiveops/polaris/pkg/validator/container.go:154.3,154.18 1 1
github.com/reactiveops/polaris/pkg/validator/container.go:147.43,148.26 1 1
github.com/reactiveops/polaris/pkg/validator/container.go:148.26,150.10 2 1
github.com/reactiveops/polaris/pkg/validator/container.go:154.18,156.4 1 1
github.com/reactiveops/polaris/pkg/validator/container.go:156.9,158.4 1 1
github.com/reactiveops/polaris/pkg/validator/container.go:162.78,165.28 3 1
github.com/reactiveops/polaris/pkg/validator/container.go:169.2,169.50 1 1
github.com/reactiveops/polaris/pkg/validator/container.go:177.2,177.49 1 1
github.com/reactiveops/polaris/pkg/validator/container.go:185.2,185.59 1 1
github.com/reactiveops/polaris/pkg/validator/container.go:193.2,193.60 1 1
github.com/reactiveops/polaris/pkg/validator/container.go:201.2,205.72 3 1
github.com/reactiveops/polaris/pkg/validator/container.go:210.2,212.57 1 1
github.com/reactiveops/polaris/pkg/validator/container.go:165.28,167.3 1 1
github.com/reactiveops/polaris/pkg/validator/container.go:169.50,170.85 1 1
github.com/reactiveops/polaris/pkg/validator/container.go:170.85,172.4 1 1
github.com/reactiveops/polaris/pkg/validator/container.go:172.9,174.4 1 1
github.com/reactiveops/polaris/pkg/validator/container.go:177.49,178.81 1 1
github.com/reactiveops/polaris/pkg/validator/container.go:178.81,180.4 1 1
github.com/reactiveops/polaris/pkg/validator/container.go:180.9,182.4 1 1
github.com/reactiveops/polaris/pkg/validator/container.go:185.59,186.105 1 1
github.com/reactiveops/polaris/pkg/validator/container.go:186.105,188.4 1 1
github.com/reactiveops/polaris/pkg/validator/container.go:188.9,190.4 1 1
github.com/reactiveops/polaris/pkg/validator/container.go:193.60,194.109 1 1
github.com/reactiveops/polaris/pkg/validator/container.go:194.109,196.4 1 1
github.com/reactiveops/polaris/pkg/validator/container.go:196.9,198.4 1 1
github.com/reactiveops/polaris/pkg/validator/container.go:205.72,209.3 1 1
github.com/reactiveops/polaris/pkg/validator/container.go:212.57,214.3 1 1
github.com/reactiveops/polaris/pkg/validator/container.go:217.122,220.93 3 1
github.com/reactiveops/polaris/pkg/validator/container.go:224.2,225.35 2 1
github.com/reactiveops/polaris/pkg/validator/container.go:237.2,237.41 1 1
github.com/reactiveops/polaris/pkg/validator/container.go:249.2,249.40 1 1
github.com/reactiveops/polaris/pkg/validator/container.go:258.2,258.21 1 1
github.com/reactiveops/polaris/pkg/validator/container.go:220.93,222.3 1 1
github.com/reactiveops/polaris/pkg/validator/container.go:225.35,227.29 2 1
github.com/reactiveops/polaris/pkg/validator/container.go:227.29,231.4 3 1
github.com/reactiveops/polaris/pkg/validator/container.go:231.9,231.50 1 1
github.com/reactiveops/polaris/pkg/validator/container.go:231.50,234.4 2 0
github.com/reactiveops/polaris/pkg/validator/container.go:237.41,239.29 2 1
github.com/reactiveops/polaris/pkg/validator/container.go:239.29,243.4 3 1
github.com/reactiveops/polaris/pkg/validator/container.go:243.9,243.50 1 1
github.com/reactiveops/polaris/pkg/validator/container.go:243.50,246.4 2 0
github.com/reactiveops/polaris/pkg/validator/container.go:249.40,251.70 2 1
github.com/reactiveops/polaris/pkg/validator/container.go:251.70,255.4 3 1
github.com/reactiveops/polaris/pkg/validator/container.go:261.66,263.27 2 1
github.com/reactiveops/polaris/pkg/validator/container.go:266.2,266.23 1 1
github.com/reactiveops/polaris/pkg/validator/container.go:263.27,265.3 1 1
github.com/reactiveops/polaris/pkg/validator/container.go:269.68,273.22 3 1
github.com/reactiveops/polaris/pkg/validator/container.go:277.2,277.22 1 1
github.com/reactiveops/polaris/pkg/validator/container.go:283.2,283.15 1 1
github.com/reactiveops/polaris/pkg/validator/container.go:273.22,275.3 1 1
github.com/reactiveops/polaris/pkg/validator/container.go:277.22,278.14 1 1
github.com/reactiveops/polaris/pkg/validator/container.go:278.14,280.4 1 1
github.com/reactiveops/polaris/pkg/validator/container.go:286.66,290.22 3 1
github.com/reactiveops/polaris/pkg/validator/container.go:294.2,294.22 1 1
github.com/reactiveops/polaris/pkg/validator/container.go:300.2,300.15 1 1
github.com/reactiveops/polaris/pkg/validator/container.go:290.22,292.3 1 1
github.com/reactiveops/polaris/pkg/validator/container.go:294.22,295.15 1 1
github.com/reactiveops/polaris/pkg/validator/container.go:295.15,297.4 1 1
github.com/reactiveops/polaris/pkg/validator/container.go:303.72,304.25 1 1
github.com/reactiveops/polaris/pkg/validator/container.go:310.2,310.14 1 1
github.com/reactiveops/polaris/pkg/validator/container.go:304.25,305.15 1 1
github.com/reactiveops/polaris/pkg/validator/container.go:305.15,307.4 1 1
github.com/reactiveops/polaris/pkg/validator/deployment.go:24.94,32.2 3 1
github.com/reactiveops/polaris/pkg/validator/deployment.go:36.118,39.51 2 1
github.com/reactiveops/polaris/pkg/validator/deployment.go:44.2,44.23 1 1
github.com/reactiveops/polaris/pkg/validator/deployment.go:39.51,42.3 2 1
github.com/reactiveops/polaris/pkg/validator/deployment.go:47.113,52.27 2 1
github.com/reactiveops/polaris/pkg/validator/deployment.go:63.2,66.18 3 1
github.com/reactiveops/polaris/pkg/validator/deployment.go:53.11,58.31 2 1
github.com/reactiveops/polaris/pkg/validator/deployment.go:59.10,60.31 1 0
github.com/reactiveops/polaris/pkg/validator/fullaudit.go:31.99,39.16 2 1
github.com/reactiveops/polaris/pkg/validator/fullaudit.go:43.2,46.34 2 1
github.com/reactiveops/polaris/pkg/validator/fullaudit.go:52.2,64.23 2 1
github.com/reactiveops/polaris/pkg/validator/fullaudit.go:39.16,41.3 1 0
github.com/reactiveops/polaris/pkg/validator/fullaudit.go:46.34,47.46 1 1
github.com/reactiveops/polaris/pkg/validator/fullaudit.go:47.46,49.4 1 1
